<?xml version="1.0" encoding="utf-8"?>
<TestRun id="f3992420-4ac5-4f75-8fbc-adfe6d4cc5e6" name="@hamilton 2024-03-28 13:56:41" xmlns="http://microsoft.com/schemas/VisualStudio/TeamTest/2010">
  <Times creation="2024-03-28T13:56:41.4044707+00:00" queuing="2024-03-28T13:56:41.4044709+00:00" start="2024-03-28T13:56:36.8697498+00:00" finish="2024-03-28T13:56:41.4747263+00:00" />
  <TestSettings name="default" id="e17cfa35-6a6e-41de-a4ce-3077868be224">
    <Deployment runDeploymentRoot="_hamilton_2024-03-28_13_56_41" />
  </TestSettings>
  <Results>
    <UnitTestResult executionId="55a934ac-4287-4339-a1fa-1baea9e9ec3d" testId="b098d878-c61d-69a2-8440-c043f2848990" testName="ProjectThree.Tests.UnitTest1.Test1" computerName="hamilton" duration="00:00:00.0064790" startTime="2024-03-28T13:56:40.9697839+00:00" endTime="2024-03-28T13:56:40.9698592+00:00" testType="13cdc9d9-ddb5-4fa4-a97d-d965ccfc6d4b" outcome="Passed" testListId="8c84fa94-04c1-424b-9868-57a2d4851a1d" relativeResultsDirectory="55a934ac-4287-4339-a1fa-1baea9e9ec3d" />
  </Results>
  <TestDefinitions>
    <UnitTest name="ProjectThree.Tests.UnitTest1.Test1" storage="/home/marco/development/emacs/trx-mode/testdata/sampleproject/projectthree.tests/bin/debug/net8.0/projectthree.tests.dll" id="b098d878-c61d-69a2-8440-c043f2848990">
      <Execution id="55a934ac-4287-4339-a1fa-1baea9e9ec3d" />
      <TestMethod codeBase="/home/marco/Development/emacs/trx-mode/TestData/SampleProject/ProjectThree.Tests/bin/Debug/net8.0/ProjectThree.Tests.dll" adapterTypeName="executor://xunit/VsTestRunner2/netcoreapp" className="ProjectThree.Tests.UnitTest1" name="Test1" />
    </UnitTest>
  </TestDefinitions>
  <TestEntries>
    <TestEntry testId="b098d878-c61d-69a2-8440-c043f2848990" executionId="55a934ac-4287-4339-a1fa-1baea9e9ec3d" testListId="8c84fa94-04c1-424b-9868-57a2d4851a1d" />
  </TestEntries>
  <TestLists>
    <TestList name="Results Not in a List" id="8c84fa94-04c1-424b-9868-57a2d4851a1d" />
    <TestList name="All Loaded Results" id="19431567-8539-422a-85d7-44ee4e166bda" />
  </TestLists>
  <ResultSummary outcome="Completed">
    <Counters total="1" executed="1" passed="1" failed="0" error="0" timeout="0" aborted="0" inconclusive="0" passedButRunAborted="0" notRunnable="0" notExecuted="0" disconnected="0" warning="0" completed="0" inProgress="0" pending="0" />
    <Output>
      <StdOut>[xUnit.net 00:00:00.01] xUnit.net VSTest Adapter v2.5.3.1+6b60a9e56a (64-bit .NET 8.0.3)
[xUnit.net 00:00:00.71]   Discovering: ProjectThree.Tests
[xUnit.net 00:00:00.85]   Discovered:  ProjectThree.Tests
[xUnit.net 00:00:00.86]   Starting:    ProjectThree.Tests
[xUnit.net 00:00:01.10]   Finished:    ProjectThree.Tests
</StdOut>
    </Output>
  </ResultSummary>
</TestRun>